the pipeline failed on 2026-09-24 04:47Z at 5234ad3

> sync
> npm run sync --workspace @cardstock/worker


> @cardstock/worker@0.0.0 sync
> node src/sync.ts

[amana] the page holds 48 offers
[amana] 48 offers in 3968ms
[boc] attempt 1 failed: 403 Forbidden for https://www.boc.lk/personal-banking/card-offers :: <!DOCTYPE HTML PUBLIC "-//W3C//DTD HTML 4.01 Transitional//EN" "http://www.w3.org/TR/html4/loose.dtd">
<HTML><HEAD><META
[boc] refused directly, retrying through the relay
[boc] the relay answered for www.boc.lk
[boc] the page holds 68 offers
[boc] 68 offers in 5906ms
[combank] attempt 1 failed: 403 Forbidden for https://www.combank.lk/rewards-promotions :: <!DOCTYPE HTML PUBLIC "-//W3C//DTD HTML 4.01 Transitional//EN" "http://www.w3.org/TR/html4/loose.dtd">
<HTML><HEAD><META
[combank] refused directly, retrying through the relay
[combank] the relay answered for www.combank.lk
[combank] skipped 4 card(s) with no placeable period
[combank] the page holds 70 offers
[combank] 70 offers in 10701ms
[dfcc] the browser runner has no fetcher for this source yet, skipping
[hnb] GET https://venus.hnb.lk/api/get_all_web_card_promos?page=1&limit=999
[hnb] web feed reports 879 promotions
[hnb] GET https://venus.hnb.lk/api/get_all_pcard_promotions
[hnb] premium feed reports 20 promotions
[hnb] 899 offers in 5774ms
[ndb] skipped 4 card(s) with no placeable period
[ndb] the page holds 99 offers
[ndb] 99 offers in 4409ms
[ntb] attempt 1 failed: 403 Forbidden for https://www.nationstrust.com/promotions :: <!DOCTYPE HTML PUBLIC "-//W3C//DTD HTML 4.01 Transitional//EN" "http://www.w3.org/TR/html4/loose.dtd">
<HTML><HEAD><META
[ntb] refused directly, retrying through the relay
[ntb] the relay answered for www.nationstrust.com
[ntb] skipped 1 card(s) with no period
[ntb] the page holds 137 offers
[ntb] skipped this run: ntb: 5 offers are missing validTo
[panasia] skipped 2 card(s) with no placeable period
[panasia] the rendered page holds 33 offers
[panasia] 33 offers in 13666ms
[peoples] supermarkets page 1: +8 (total 8)
[peoples] attempt 1 failed: 404 Not Found for https://www.peoplesbank.lk/promotion-category/supermarkets/page/2/ :: <!DOCTYPE html>
<html lang="en">

<head>
    <meta charset="UTF-8">
    <meta http-equiv="X-UA-Compatible" content=
[peoples] restaurants page 1: +77 (total 85)
[peoples] attempt 1 failed: fetch failed
[peoples] online page 1: +12 (total 97)
[peoples] electronics page 1: +2 (total 99)
[peoples] attempt 1 failed: 404 Not Found for https://www.peoplesbank.lk/promotion-category/home-care-electronics/page/2/ :: <!DOCTYPE html>
<html lang="en">

<head>
    <meta charset="UTF-8">
    <meta http-equiv="X-UA-Compatible" content=
[peoples] jewellery page 1: +1 (total 100)
[peoples] attempt 1 failed: 404 Not Found for https://www.peoplesbank.lk/promotion-category/jewellers/page/2/ :: <!DOCTYPE html>
<html lang="en">

<head>
    <meta charset="UTF-8">
    <meta http-equiv="X-UA-Compatible" content=
[peoples] wellness page 1: +4 (total 104)
[peoples] attempt 1 failed: 404 Not Found for https://www.peoplesbank.lk/promotion-category/wellness/page/2/ :: <!DOCTYPE html>
<html lang="en">

<head>
    <meta charset="UTF-8">
    <meta http-equiv="X-UA-Compatible" content=
[peoples] travel page 1: +2 (total 106)
[peoples] attempt 1 failed: 404 Not Found for https://www.peoplesbank.lk/promotion-category/travel/page/2/ :: <!DOCTYPE html>
<html lang="en">

<head>
    <meta charset="UTF-8">
    <meta http-equiv="X-UA-Compatible" content=
[peoples] auto page 1: +5 (total 111)
[peoples] attempt 1 failed: 404 Not Found for https://www.peoplesbank.lk/promotion-category/auto-mobile/page/2/ :: <!DOCTYPE html>
<html lang="en">

<head>
    <meta charset="UTF-8">
    <meta http-equiv="X-UA-Compatible" content=
[peoples] books page 1: +1 (total 112)
[peoples] attempt 1 failed: 404 Not Found for https://www.peoplesbank.lk/promotion-category/book-store/page/2/ :: <!DOCTYPE html>
<html lang="en">

<head>
    <meta charset="UTF-8">
    <meta http-equiv="X-UA-Compatible" content=
[peoples] leisure page 1: +62 (total 174)
[peoples] attempt 1 failed: 404 Not Found for https://www.peoplesbank.lk/promotion-category/kegalle-promotion/ :: <!DOCTYPE html>
<html lang="en">

<head>
    <meta charset="UTF-8">
    <meta http-equiv="X-UA-Compatible" content=
[peoples] kegalle answered 404, skipping it
[peoples] skipped 3 card(s) with no period
[peoples] visa page 1: +2 (total 176)
[peoples] attempt 1 failed: 404 Not Found for https://www.peoplesbank.lk/promotion-category/visa/page/2/ :: <!DOCTYPE html>
<html lang="en">

<head>
    <meta charset="UTF-8">
    <meta http-equiv="X-UA-Compatible" content=
[peoples] 176 offers in 137517ms
[sampath] skipped 6 row(s) with no end date
[sampath] the api returns 118 promotions
[sampath] 118 offers in 6004ms
[seylan] page 1: +6 (total 6)
[seylan] page 2: +6 (total 12)
[seylan] page 3: +6 (total 18)
[seylan] page 4: +6 (total 24)
[seylan] page 5: +6 (total 30)
[seylan] page 6: +6 (total 36)
[seylan] page 7: +6 (total 42)
[seylan] page 8: +6 (total 48)
[seylan] page 9: +6 (total 54)
[seylan] page 10: +6 (total 60)
[seylan] page 11: +6 (total 66)
[seylan] page 12: +6 (total 72)
[seylan] page 13: +6 (total 78)
[seylan] page 14: +6 (total 84)
[seylan] page 15: +6 (total 90)
[seylan] page 16: +6 (total 96)
[seylan] page 17: +6 (total 102)
[seylan] page 18: +6 (total 108)
[seylan] page 19: +6 (total 114)
[seylan] page 20: +6 (total 120)
[seylan] page 21: +6 (total 126)
[seylan] page 22: +6 (total 132)
[seylan] page 23: +6 (total 138)
[seylan] page 24: +6 (total 144)
[seylan] page 25: +6 (total 150)
[seylan] page 26: +6 (total 156)
[seylan] page 27: +6 (total 162)
[seylan] page 28: +6 (total 168)
[seylan] page 29: +6 (total 174)
[seylan] page 30: +6 (total 180)
[seylan] page 31: +6 (total 186)
[seylan] page 32: +6 (total 192)
[seylan] page 33: +6 (total 198)
[seylan] page 34: +6 (total 204)
[seylan] page 35: +6 (total 210)
[seylan] page 36: +6 (total 216)
[seylan] page 37: +6 (total 222)
[seylan] page 38: +4 (total 226)
[seylan] 226 offers in 224644ms
[union] the rendered page holds 24 offers
[union] 24 offers in 12562ms

wrote 1708 offers (1691 active, 0 unconfirmed), dropped 53 duplicate id(s)
kept 0 offers from sources that sat this run out

> chunk
> npm run chunk --workspace @cardstock/worker


> @cardstock/worker@0.0.0 chunk
> node src/chunk.ts

chunks: 1701 offers across 10 months and 75 bank-months, 2121 KB total, version e83f43d4a3
  2026-06: sampath 40.2KB, seylan 29.7KB, hnb 17.9KB, amana 5.7KB
  2026-07: sampath 75.9KB, seylan 31.5KB, hnb 19.8KB, amana 5.9KB
  2026-08: sampath 154.1KB, seylan 35.7KB, hnb 25.8KB, amana 6.3KB, ndb 1.0KB, panasia 0.7KB, union 0.6KB
  2026-09: sampath 246.8KB, hnb 219.0KB, peoples 62.2KB, seylan 40.0KB, combank 28.6KB, ndb 24.9KB, boc 24.7KB, panasia 15.6KB, amana 8.5KB, union 6.2KB
  2026-10: hnb 202.7KB, sampath 175.9KB, peoples 44.1KB, seylan 43.7KB, boc 18.9KB, ndb 17.1KB, panasia 13.4KB, combank 9.5KB, amana 8.7KB, union 0.6KB
  2026-11: sampath 94.1KB, seylan 42.3KB, hnb 37.3KB, peoples 13.1KB, boc 11.8KB, ndb 8.2KB, amana 6.2KB, combank 6.0KB, panasia 5.1KB
  2026-12: sampath 76.7KB, seylan 45.2KB, hnb 31.6KB, amana 12.0KB, peoples 10.5KB, boc 7.4KB, combank 5.1KB, ndb 5.0KB, panasia 4.6KB
  2027-01: sampath 8.6KB, amana 2.6KB, hnb 1.5KB, peoples 0.8KB, seylan 0.7KB, boc 0.6KB, combank 0.6KB, ndb 0.4KB
  2027-02: sampath 8.6KB, amana 1.5KB, hnb 1.5KB, seylan 0.7KB, boc 0.6KB, combank 0.6KB, ndb 0.4KB
  2027-03: amana 1.6KB, hnb 1.5KB, sampath 1.5KB, seylan 0.7KB, boc 0.6KB, combank 0.6KB, ndb 0.4KB
the pages api answered 403 for the custom domain
{
  "message": "Resource not accessible by integration",
  "documentation_url": "https://docs.github.com/rest/pages/pages#update-information-about-a-apiname-pages-site",
  "status": "403"
}

